error: ───────────────────────────────────── - { 2026-05-06 15:44:57 PM }
error: UNEXPECTED ERROR - { 2026-05-06 15:44:57 PM }
error: Route  : POST /api/auth/forgot-password - { 2026-05-06 15:44:57 PM }
error: Message: Expected double-quoted property name in JSON at position 63 (line 4 column 1) - { 2026-05-06 15:44:57 PM }
error: Stack  : SyntaxError: Expected double-quoted property name in JSON at position 63 (line 4 column 1)
    at JSON.parse (<anonymous>)
    at parse (D:\Manegment Software\backend\node_modules\body-parser\lib\types\json.js:72:19)
    at D:\Manegment Software\backend\node_modules\body-parser\lib\read.js:162:18
    at AsyncResource.runInAsyncScope (node:async_hooks:227:14)
    at invokeCallback (D:\Manegment Software\backend\node_modules\raw-body\index.js:238:16)
    at done (D:\Manegment Software\backend\node_modules\raw-body\index.js:227:7)
    at IncomingMessage.onEnd (D:\Manegment Software\backend\node_modules\raw-body\index.js:287:7)
    at IncomingMessage.emit (node:events:509:28)
    at endReadableNT (node:internal/streams/readable:1729:12)
    at process.processTicksAndRejections (node:internal/process/task_queues:90:21) - { 2026-05-06 15:44:57 PM }
error: Body   : undefined - { 2026-05-06 15:44:57 PM }
error: ───────────────────────────────────── - { 2026-05-06 15:44:57 PM }
error: ───────────────────────────────────── - { 2026-05-06 15:46:14 PM }
error: UNEXPECTED ERROR - { 2026-05-06 15:46:14 PM }
error: Route  : POST /api/auth/forgot-password - { 2026-05-06 15:46:14 PM }
error: Message: sendPasswordResetEmail is not defined - { 2026-05-06 15:46:14 PM }
error: Stack  : ReferenceError: sendPasswordResetEmail is not defined
    at forgotPasswordService (file:///D:/Manegment%20Software/backend/src/features/auth/auth.service.js:153:3)
    at process.processTicksAndRejections (node:internal/process/task_queues:104:5)
    at async forgotPassword (file:///D:/Manegment%20Software/backend/src/features/auth/auth.controller.js:85:5) - { 2026-05-06 15:46:14 PM }
error: Body   : {"companyId":"COMP123","userEmail":"admin@vms.com"} - { 2026-05-06 15:46:14 PM }
error: ───────────────────────────────────── - { 2026-05-06 15:46:14 PM }
error: Error verifying access token - { 2026-05-06 17:21:54 PM }
error: Error verifying access token: eyJhbGciOiJIUzI1NiJ9.e30.rGxziXAL8_TDhYmUehAcSve5tu2lJOJII_GeZCFxBOs - { 2026-05-06 17:24:07 PM }
